#nameservers
  should: %s CLASS(array)
  should: %s SIZE(2)
  should: %s[0] CLASS(nameserver)
  should: %s[0].name == "dns1.mpsnet.net.mx"
  should: %s[0].ipv4 == "200.4.48.15"
  should: %s[1] CLASS(nameserver)
  should: %s[1].name == "dns2.mpsnet.net.mx"
  should: %s[1].ipv4 == "200.4.48.16"
