#disclaimer
  should: %s == "This whois service is provided by CentralNic Ltd and only contains information pertaining to Internet domain names we have registered for our customers. By using this service you are agreeing (1) not to use any information presented here for any purpose other than determining ownership of domain names, (2) not to store or reproduce this data in any way, (3) not to use any high-volume, automated, electronic processes to obtain data from this service. Abuse of this service is monitored and actions in contravention of these terms will result in being permanently blacklisted. All data is (c) CentralNic Ltd https://www.centralnic.com/"


#domain
  should: %s == "academyart.kr.com"

#domain_id
  should: %s == "CNIC-DO569707"


#status
  should: %s == ["TRANSFER PROHIBITED"]

#available?
  should: %s == false

#registered?
  should: %s == true


#created_on
  should: %s CLASS(time)
  should: %s == Time.parse("2008-06-11 21:25:43 UTC")

#updated_on
  should: %s CLASS(time)
  should: %s == Time.parse("2012-01-16 16:25:41 UTC")

#expires_on
  should: %s CLASS(time)
  should: %s == Time.parse("2014-06-11 23:59:59 UTC")


#registrar
  should: %s CLASS(registrar)
  should: %s.id           == "H292913"
  should: %s.name         == nil
  should: %s.organization == "Network Solutions LLC"
  should: %s.url          == "http://www.networksolutions.com/"

#registrant_contacts
  should: %s CLASS(array)
  should: %s SIZE(1)
  should: %s[0] CLASS(contact)
  should: %s[0].type          == Whois::Record::Contact::TYPE_REGISTRANT
  should: %s[0].id            == "41619876"
  should: %s[0].name          == "Academy of  Art College"
  should: %s[0].organization  == "Academy of  Art College"
  should: %s[0].address       == "79 NEW MONTGOMERY ST"
  should: %s[0].city          == "SAN FRANCISCO"
  should: %s[0].zip           == "94105"
  should: %s[0].state         == "CA"
  should: %s[0].country       == nil
  should: %s[0].country_code  == "US"
  should: %s[0].phone         == "+1.415618350"
  should: %s[0].fax           == nil
  should: %s[0].email         == "clefferts@academyart.edu"

#admin_contacts
  should: %s CLASS(array)
  should: %s SIZE(1)
  should: %s[0] CLASS(contact)
  should: %s[0].type          == Whois::Record::Contact::TYPE_ADMIN
  should: %s[0].id            == "41619876"
  should: %s[0].name          == "Academy of  Art College"
  should: %s[0].organization  == "Academy of  Art College"
  should: %s[0].address       == "79 NEW MONTGOMERY ST"
  should: %s[0].city          == "SAN FRANCISCO"
  should: %s[0].zip           == "94105"
  should: %s[0].state         == "CA"
  should: %s[0].country       == nil
  should: %s[0].country_code  == "US"
  should: %s[0].phone         == "+1.415618350"
  should: %s[0].fax           == nil
  should: %s[0].email         == "clefferts@academyart.edu"

#technical_contacts
  should: %s CLASS(array)
  should: %s SIZE(1)
  should: %s[0] CLASS(contact)
  should: %s[0].type          == Whois::Record::Contact::TYPE_TECHNICAL
  should: %s[0].id            == "41619876"
  should: %s[0].name          == "Academy of  Art College"
  should: %s[0].organization  == "Academy of  Art College"
  should: %s[0].address       == "79 NEW MONTGOMERY ST"
  should: %s[0].city          == "SAN FRANCISCO"
  should: %s[0].zip           == "94105"
  should: %s[0].state         == "CA"
  should: %s[0].country       == nil
  should: %s[0].country_code  == "US"
  should: %s[0].phone         == "+1.415618350"
  should: %s[0].fax           == nil
  should: %s[0].email         == "clefferts@academyart.edu"


#nameservers
  should: %s CLASS(array)
  should: %s SIZE(5)
  should: %s[0] CLASS(nameserver)
  should: %s[0].name == "dbru.br.ns.els-gms.att.net"
  should: %s[1] CLASS(nameserver)
  should: %s[1].name == "dmtu.mt.ns.els-gms.att.net"
  should: %s[2] CLASS(nameserver)
  should: %s[2].name == "cbru.br.ns.els-gms.att.net"
  should: %s[3] CLASS(nameserver)
  should: %s[3].name == "cmtu.mt.ns.els-gms.att.net"
  should: %s[4] CLASS(nameserver)
  should: %s[4].name == "ns1.academyart.edu"
