#disclaimer
  should: %s == "TERMS OF USE: You are not authorized to access or query our Whois database through the use of electronic processes that are high-volume and automated except as reasonably necessary to register domain names or modify existing registrations; the Data in VeriSign's (\"VeriSign\") Whois database is provided by VeriSign for information purposes only, and to assist persons in obtaining information about or related to a domain name registration record. VeriSign does not guarantee its accuracy. By submitting a Whois query, you agree to abide by the following terms of use: You agree that you may use this Data only for lawful purposes and that under no circumstances will you use this Data to: (1) allow, enable, or otherwise support the transmission of mass unsolicited, commercial advertising or solicitations via e-mail, telephone, or facsimile; or (2) enable high volume, automated, electronic processes that apply to VeriSign (or its computer systems). The compilation, repackaging, dissemination or other use of this Data is expressly prohibited without the prior written consent of VeriSign. You agree not to use electronic processes that are automated and high-volume to access or query the Whois database except as reasonably necessary to register domain names or modify existing registrations. VeriSign reserves the right to restrict your access to the Whois database in its sole discretion to ensure operational stability.  VeriSign may restrict or terminate your access to the Whois database for failure to abide by these terms of use. VeriSign reserves the right to modify these terms at any time."

#domain
  should: %s == "thinkcode.tv"

#domain_id
  should: %s raise_error(Whois::AttributeNotSupported)


#status
  should: %s == "CLIENT-XFER-PROHIBITED"

#available?
  should: %s == false

#registered?
  should: %s == true


#created_on
  should: %s CLASS(time)
  should: %s == Time.parse("2009-04-21")

#updated_on
  should: %s CLASS(time)
  should: %s == Time.parse("2009-11-19")

#expires_on
  should: %s CLASS(time)
  should: %s == Time.parse("2010-04-21")


#registrar
  should: %s == nil


#nameservers
  should: %s CLASS(array)
  should: %s SIZE(2)
  should: %s[0] CLASS(nameserver)
  should: %s[0].name == "ns1.slicehost.net"
  should: %s[1] CLASS(nameserver)
  should: %s[1].name == "ns2.slicehost.net"



#referral_whois
  should: %s == "whois.dynadot.com"

#referral_url
  should: %s == "http://www.dynadot.com"
