#status
  should: %s == :suspended

#available?
  should: %s == false

#registered?
  should: %s == true
