#registrar
  should: %s CLASS(registrar)
  should: %s.id           == "GODADDY"
  should: %s.name         == "GoDaddy.com, LLP."
  should: %s.name         == "GoDaddy.com, LLP."
  should: %s.url          == nil
