#domain
  should: %s == "u34jedzcq.gl"

#domain_id
  should: %s raise_error(Whois::AttributeNotSupported)


#status
  should: %s == :available

#available?
  should: %s == true

#registered?
  should: %s == false


#created_on
  should: %s == nil

#updated_on
  should: %s == nil

#expires_on
  should: %s == nil


#registrar
  should: %s == nil


#nameservers
  should: %s CLASS(array)
  should: %s == []
