#status
  should: %s == :available

#available?
  should: %s == true

#registered?
  should: %s == false


#created_on
  should: %s == nil

#updated_on
  should: %s CLASS(time)
  should: %s == Time.parse("1999-09-27")

#expires_on
  should: %s raise_error(Whois::AttributeNotSupported)


#registrant_contacts
  should: %s CLASS(array)
  should: %s == []

#admin_contacts
  should: %s CLASS(array)
  should: %s == []

#technical_contacts
  should: %s CLASS(array)
  should: %s == []


#nameservers
  should: %s CLASS(array)
  should: %s == []
