#status
  should: %s == nil

#available?
  should: %s == true

#registered?
  should: %s == false
