#nameservers
  should: %s CLASS(array)
  should: %s SIZE(2)
  should: %s[0] CLASS(nameserver)
  should: %s[0].name == "ns1.tntpost.nl"
  should: %s[0].ipv4 == "145.78.21.10"
  should: %s[1] CLASS(nameserver)
  should: %s[1].name == "ns2.tntpost.nl"
  should: %s[1].ipv4 == "80.69.76.10"
