#status
  should: %s == ["clientTransferProhibited", "clientDeleteProhibited"]
