#status
  should: %s == []

#available?
  should: %s == true

#registered?
  should: %s == false


#created_on
  should: %s == nil

#updated_on
  should: %s raise_error(Whois::AttributeNotSupported)

#expires_on
  should: %s == nil


#nameservers
  should: %s CLASS(array)
  should: %s == []
